******************************************************************************
                  TI ARM Linker PC v20.2.7                     
******************************************************************************
>> Linked Tue Nov 28 14:09:21 2023

OUTPUT FILE NAME:   <Exercise2.out>
ENTRY POINT SYMBOL: "_c_int00_noargs"  address: 0000057d


MEMORY CONFIGURATION

         name            origin    length      used     unused   attr    fill
----------------------  --------  ---------  --------  --------  ----  --------
  FLASH                 00000000   00040000  000005ea  0003fa16  R  X
  SRAM                  20000000   00008000  00000201  00007dff  RW X


SEGMENT ALLOCATION MAP

run origin  load origin   length   init length attrs members
----------  ----------- ---------- ----------- ----- -------
00000000    00000000    000005f0   000005f0    r-x
  00000000    00000000    0000026c   0000026c    r-- .intvecs
  0000026c    0000026c    00000366   00000366    r-x .text
  000005d8    000005d8    00000018   00000018    r-- .cinit
20000000    20000000    00000201   00000000    rw-
  20000000    20000000    00000200   00000000    rw- .stack
  20000200    20000200    00000001   00000000    rw- .data


SECTION ALLOCATION MAP

 output                                  attributes/
section   page    origin      length       input sections
--------  ----  ----------  ----------   ----------------
.intvecs   0    00000000    0000026c     
                  00000000    0000026c     tm4c123gh6pm_startup_ccs.obj (.intvecs)

.text      0    0000026c    00000366     
                  0000026c    000001c8     main.obj (.text)
                  00000434    0000009c     rtsv7M4_T_le_v4SPD16_eabi.lib : memcpy_t2.asm.obj (.text)
                  000004d0    00000068                                   : copy_decompress_lzss.c.obj (.text:decompress:lzss:__TI_decompress_lzss)
                  00000538    00000044                                   : autoinit.c.obj (.text:__TI_auto_init_nobinit_nopinit:__TI_auto_init_nobinit_nopinit)
                  0000057c    00000034                                   : boot_cortex_m.c.obj (.text:_c_int00_noargs:_c_int00_noargs)
                  000005b0    0000000e                                   : copy_decompress_none.c.obj (.text:decompress:none:__TI_decompress_none)
                  000005be    0000000c     tm4c123gh6pm_startup_ccs.obj (.text)
                  000005ca    00000004     rtsv7M4_T_le_v4SPD16_eabi.lib : pre_init.c.obj (.text:_system_pre_init)
                  000005ce    00000004                                   : exit.c.obj (.text:abort:abort)

.cinit     0    000005d8    00000018     
                  000005d8    00000008     (__TI_handler_table)
                  000005e0    00000005     (.cinit..data.load) [load image, compression = lzss]
                  000005e5    00000003     --HOLE-- [fill = 0]
                  000005e8    00000008     (__TI_cinit_table)

.init_array 
*          0    00000000    00000000     UNINITIALIZED

.data      0    20000200    00000001     UNINITIALIZED
                  20000200    00000001     main.obj (.data)

.stack     0    20000000    00000200     UNINITIALIZED
                  20000000    00000004     rtsv7M4_T_le_v4SPD16_eabi.lib : boot_cortex_m.c.obj (.stack)
                  20000004    000001fc     --HOLE--

__llvm_prf_cnts 
*          0    20000000    00000000     UNINITIALIZED

MODULE SUMMARY

       Module                         code   ro data   rw data
       ------                         ----   -------   -------
    .\
       tm4c123gh6pm_startup_ccs.obj   12     620       0      
       main.obj                       456    0         1      
    +--+------------------------------+------+---------+---------+
       Total:                         468    620       1      
                                                              
    C:\ti\ccs1240\ccs\tools\compiler\ti-cgt-arm_20.2.7.LTS\lib\rtsv7M4_T_le_v4SPD16_eabi.lib
       memcpy_t2.asm.obj              156    0         0      
       copy_decompress_lzss.c.obj     104    0         0      
       autoinit.c.obj                 68     0         0      
       boot_cortex_m.c.obj            52     0         0      
       copy_decompress_none.c.obj     14     0         0      
       exit.c.obj                     4      0         0      
       pre_init.c.obj                 4      0         0      
    +--+------------------------------+------+---------+---------+
       Total:                         402    0         0      
                                                              
       Stack:                         0      0         512    
       Linker Generated:              0      21        0      
    +--+------------------------------+------+---------+---------+
       Grand Total:                   870    641       513    


LINKER GENERATED COPY TABLES

__TI_cinit_table @ 000005e8 records: 1, size/record: 8, table size: 8
	.data: load addr=000005e0, load size=00000005 bytes, run addr=20000200, run size=00000001 bytes, compression=lzss


LINKER GENERATED HANDLER TABLE

__TI_handler_table @ 000005d8 records: 2, size/record: 4, table size: 8
	index: 0, handler: __TI_decompress_lzss
	index: 1, handler: __TI_decompress_none


GLOBAL SYMBOLS: SORTED ALPHABETICALLY BY Name 

address   name                          
-------   ----                          
000005cf  C$$EXIT                       
000002f7  Leds_Init                     
00000353  MPU_Init                      
00000337  MemManage_Fault_Init          
00000335  MemoryManageFault_Handler     
000005bf  ResetISR                      
0000026d  SysTick_Handler               
000002c9  SysTick_Init                  
20000200  __STACK_END                   
00000200  __STACK_SIZE                  
20000200  __STACK_TOP                   
000005e8  __TI_CINIT_Base               
000005f0  __TI_CINIT_Limit              
000005d8  __TI_Handler_Table_Base       
000005e0  __TI_Handler_Table_Limit      
00000539  __TI_auto_init_nobinit_nopinit
000004d1  __TI_decompress_lzss          
000005b1  __TI_decompress_none          
ffffffff  __TI_pprof_out_hndl           
ffffffff  __TI_prof_data_size           
ffffffff  __TI_prof_data_start          
00000000  __TI_static_base__            
00000435  __aeabi_memcpy                
00000435  __aeabi_memcpy4               
00000435  __aeabi_memcpy8               
ffffffff  __binit__                     
ffffffff  __c_args__                    
UNDEFED   __mpu_init                    
20000000  __stack                       
20000000  __start___llvm_prf_cnts       
20000000  __stop___llvm_prf_cnts        
0000057d  _c_int00_noargs               
UNDEFED   _system_post_cinit            
000005cb  _system_pre_init              
000005cf  abort                         
ffffffff  binit                         
00000000  g_pfnVectors                  
000003a7  main                          
00000435  memcpy                        
20000200  ticks_num                     


GLOBAL SYMBOLS: SORTED BY Symbol Address 

address   name                          
-------   ----                          
00000000  __TI_static_base__            
00000000  g_pfnVectors                  
00000200  __STACK_SIZE                  
0000026d  SysTick_Handler               
000002c9  SysTick_Init                  
000002f7  Leds_Init                     
00000335  MemoryManageFault_Handler     
00000337  MemManage_Fault_Init          
00000353  MPU_Init                      
000003a7  main                          
00000435  __aeabi_memcpy                
00000435  __aeabi_memcpy4               
00000435  __aeabi_memcpy8               
00000435  memcpy                        
000004d1  __TI_decompress_lzss          
00000539  __TI_auto_init_nobinit_nopinit
0000057d  _c_int00_noargs               
000005b1  __TI_decompress_none          
000005bf  ResetISR                      
000005cb  _system_pre_init              
000005cf  C$$EXIT                       
000005cf  abort                         
000005d8  __TI_Handler_Table_Base       
000005e0  __TI_Handler_Table_Limit      
000005e8  __TI_CINIT_Base               
000005f0  __TI_CINIT_Limit              
20000000  __stack                       
20000000  __start___llvm_prf_cnts       
20000000  __stop___llvm_prf_cnts        
20000200  __STACK_END                   
20000200  __STACK_TOP                   
20000200  ticks_num                     
ffffffff  __TI_pprof_out_hndl           
ffffffff  __TI_prof_data_size           
ffffffff  __TI_prof_data_start          
ffffffff  __binit__                     
ffffffff  __c_args__                    
ffffffff  binit                         
UNDEFED   __mpu_init                    
UNDEFED   _system_post_cinit            

[40 symbols]
